<?xml version="1.0" encoding="ISO-8859-1" ?>
<link_info>
   <banner>TMS320C2000 Linker PC v22.6.1.LTS</banner>
   <copyright>Copyright (c) 1996-2018 Texas Instruments Incorporated</copyright>
   <link_time>0x6695059a</link_time>
   <link_errors>0x0</link_errors>
   <output_file>PWM_013x.out</output_file>
   <entry_point>
      <name>_c_int00</name>
      <address>0x885b</address>
   </entry_point>
   <input_file_list>
      <input_file id="fl-2">
         <path>.\</path>
         <kind>object</kind>
         <file>f280013x_codestartbranch.obj</file>
         <name>f280013x_codestartbranch.obj</name>
      </input_file>
      <input_file id="fl-3">
         <path>.\</path>
         <kind>object</kind>
         <file>f280013x_defaultisr.obj</file>
         <name>f280013x_defaultisr.obj</name>
      </input_file>
      <input_file id="fl-4">
         <path>.\</path>
         <kind>object</kind>
         <file>f280013x_epwm.obj</file>
         <name>f280013x_epwm.obj</name>
      </input_file>
      <input_file id="fl-5">
         <path>.\</path>
         <kind>object</kind>
         <file>f280013x_globalvariabledefs.obj</file>
         <name>f280013x_globalvariabledefs.obj</name>
      </input_file>
      <input_file id="fl-6">
         <path>.\</path>
         <kind>object</kind>
         <file>f280013x_piectrl.obj</file>
         <name>f280013x_piectrl.obj</name>
      </input_file>
      <input_file id="fl-7">
         <path>.\</path>
         <kind>object</kind>
         <file>f280013x_pievect.obj</file>
         <name>f280013x_pievect.obj</name>
      </input_file>
      <input_file id="fl-8">
         <path>.\</path>
         <kind>object</kind>
         <file>f280013x_sysctrl.obj</file>
         <name>f280013x_sysctrl.obj</name>
      </input_file>
      <input_file id="fl-9">
         <path>.\</path>
         <kind>object</kind>
         <file>f280013x_usdelay.obj</file>
         <name>f280013x_usdelay.obj</name>
      </input_file>
      <input_file id="fl-a">
         <path>.\</path>
         <kind>object</kind>
         <file>main.obj</file>
         <name>main.obj</name>
      </input_file>
      <input_file id="fl-f">
         <kind>object</kind>
         <file>&lt;internal&gt;</file>
         <name>&lt;internal&gt;</name>
      </input_file>
      <input_file id="fl-1b">
         <path>C:\ti\ccs1271\ccs\tools\compiler\ti-cgt-c2000_22.6.1.LTS\lib\</path>
         <kind>archive</kind>
         <file>rts2800_fpu32.lib</file>
         <name>boot28.asm.obj</name>
      </input_file>
      <input_file id="fl-1c">
         <path>C:\ti\ccs1271\ccs\tools\compiler\ti-cgt-c2000_22.6.1.LTS\lib\</path>
         <kind>archive</kind>
         <file>rts2800_fpu32.lib</file>
         <name>fs_div28.asm.obj</name>
      </input_file>
      <input_file id="fl-1d">
         <path>C:\ti\ccs1271\ccs\tools\compiler\ti-cgt-c2000_22.6.1.LTS\lib\</path>
         <kind>archive</kind>
         <file>rts2800_fpu32.lib</file>
         <name>cpy_tbl.c.obj</name>
      </input_file>
      <input_file id="fl-1e">
         <path>C:\ti\ccs1271\ccs\tools\compiler\ti-cgt-c2000_22.6.1.LTS\lib\</path>
         <kind>archive</kind>
         <file>rts2800_fpu32.lib</file>
         <name>memcpy.c.obj</name>
      </input_file>
      <input_file id="fl-1f">
         <path>C:\ti\ccs1271\ccs\tools\compiler\ti-cgt-c2000_22.6.1.LTS\lib\</path>
         <kind>archive</kind>
         <file>rts2800_fpu32.lib</file>
         <name>pre_init.c.obj</name>
      </input_file>
      <input_file id="fl-20">
         <path>C:\ti\ccs1271\ccs\tools\compiler\ti-cgt-c2000_22.6.1.LTS\lib\</path>
         <kind>archive</kind>
         <file>rts2800_fpu32.lib</file>
         <name>startup.c.obj</name>
      </input_file>
      <input_file id="fl-21">
         <path>C:\ti\ccs1271\ccs\tools\compiler\ti-cgt-c2000_22.6.1.LTS\lib\</path>
         <kind>archive</kind>
         <file>rts2800_fpu32.lib</file>
         <name>exit.c.obj</name>
      </input_file>
      <input_file id="fl-22">
         <path>C:\ti\ccs1271\ccs\tools\compiler\ti-cgt-c2000_22.6.1.LTS\lib\</path>
         <kind>archive</kind>
         <file>rts2800_fpu32.lib</file>
         <name>_lock.c.obj</name>
      </input_file>
      <input_file id="fl-23">
         <path>C:\ti\ccs1271\ccs\tools\compiler\ti-cgt-c2000_22.6.1.LTS\lib\</path>
         <kind>archive</kind>
         <file>rts2800_fpu32.lib</file>
         <name>args_main.c.obj</name>
      </input_file>
   </input_file_list>
   <object_component_list>
      <object_component id="oc-58">
         <name>codestart</name>
         <load_address>0x0</load_address>
         <run_address>0x0</run_address>
         <size>0x2</size>
         <input_file_ref idref="fl-2"/>
      </object_component>
      <object_component id="oc-b6">
         <name>.TI.ramfunc</name>
         <load_address>0x142</load_address>
         <run_address>0x142</run_address>
         <size>0x4</size>
         <input_file_ref idref="fl-9"/>
      </object_component>
      <object_component id="oc-fa">
         <name>.text</name>
         <load_address>0x80fc</load_address>
         <run_address>0x80fc</run_address>
         <size>0x2ea</size>
         <input_file_ref idref="fl-8"/>
      </object_component>
      <object_component id="oc-5e">
         <name>.text:retain</name>
         <load_address>0x83e6</load_address>
         <run_address>0x83e6</run_address>
         <size>0x2dd</size>
         <input_file_ref idref="fl-3"/>
      </object_component>
      <object_component id="oc-fb">
         <name>.text</name>
         <load_address>0x86c3</load_address>
         <run_address>0x86c3</run_address>
         <size>0x8c</size>
         <input_file_ref idref="fl-4"/>
      </object_component>
      <object_component id="oc-c7">
         <name>.text</name>
         <load_address>0x874f</load_address>
         <run_address>0x874f</run_address>
         <size>0x88</size>
         <input_file_ref idref="fl-1c"/>
      </object_component>
      <object_component id="oc-f7">
         <name>.text</name>
         <load_address>0x87d7</load_address>
         <run_address>0x87d7</run_address>
         <size>0x84</size>
         <input_file_ref idref="fl-a"/>
      </object_component>
      <object_component id="oc-56">
         <name>.text</name>
         <load_address>0x885b</load_address>
         <run_address>0x885b</run_address>
         <size>0x56</size>
         <input_file_ref idref="fl-1b"/>
      </object_component>
      <object_component id="oc-f5">
         <name>.text</name>
         <load_address>0x88b1</load_address>
         <run_address>0x88b1</run_address>
         <size>0x29</size>
         <input_file_ref idref="fl-21"/>
      </object_component>
      <object_component id="oc-fc">
         <name>.text</name>
         <load_address>0x88da</load_address>
         <run_address>0x88da</run_address>
         <size>0x28</size>
         <input_file_ref idref="fl-6"/>
      </object_component>
      <object_component id="oc-fd">
         <name>.text</name>
         <load_address>0x8902</load_address>
         <run_address>0x8902</run_address>
         <size>0x25</size>
         <input_file_ref idref="fl-7"/>
      </object_component>
      <object_component id="oc-f2">
         <name>.text</name>
         <load_address>0x8927</load_address>
         <run_address>0x8927</run_address>
         <size>0x24</size>
         <input_file_ref idref="fl-1d"/>
      </object_component>
      <object_component id="oc-f6">
         <name>.text</name>
         <load_address>0x894b</load_address>
         <run_address>0x894b</run_address>
         <size>0x1d</size>
         <input_file_ref idref="fl-1e"/>
      </object_component>
      <object_component id="oc-f4">
         <name>.text</name>
         <load_address>0x8968</load_address>
         <run_address>0x8968</run_address>
         <size>0x12</size>
         <input_file_ref idref="fl-23"/>
      </object_component>
      <object_component id="oc-fe">
         <name>.text</name>
         <load_address>0x897a</load_address>
         <run_address>0x897a</run_address>
         <size>0x9</size>
         <input_file_ref idref="fl-22"/>
      </object_component>
      <object_component id="oc-57">
         <name>.text</name>
         <load_address>0x8983</load_address>
         <run_address>0x8983</run_address>
         <size>0x8</size>
         <input_file_ref idref="fl-2"/>
      </object_component>
      <object_component id="oc-f1">
         <name>.text</name>
         <load_address>0x898b</load_address>
         <run_address>0x898b</run_address>
         <size>0x2</size>
         <input_file_ref idref="fl-1f"/>
      </object_component>
      <object_component id="oc-f3">
         <name>.text</name>
         <load_address>0x898d</load_address>
         <run_address>0x898d</run_address>
         <size>0x1</size>
         <input_file_ref idref="fl-20"/>
      </object_component>
      <object_component id="oc-e1">
         <name>.cinit</name>
         <load_address>0x128</load_address>
         <run_address>0x128</run_address>
         <size>0xe</size>
         <input_file_ref idref="fl-21"/>
      </object_component>
      <object_component id="oc-f9">
         <name>.cinit:__lock</name>
         <load_address>0x136</load_address>
         <run_address>0x136</run_address>
         <size>0x5</size>
         <input_file_ref idref="fl-22"/>
      </object_component>
      <object_component id="oc-ff">
         <name>.cinit:__unlock</name>
         <load_address>0x13b</load_address>
         <run_address>0x13b</run_address>
         <size>0x5</size>
         <input_file_ref idref="fl-22"/>
      </object_component>
      <object_component id="oc-c2">
         <name>.reset</name>
         <load_address>0x3fffc0</load_address>
         <run_address>0x3fffc0</run_address>
         <size>0x2</size>
         <input_file_ref idref="fl-1b"/>
      </object_component>
      <object_component id="oc-c1">
         <name>.stack</name>
         <uninitialized>true</uninitialized>
         <run_address>0x400</run_address>
         <size>0x0</size>
         <input_file_ref idref="fl-1b"/>
      </object_component>
      <object_component id="oc-15f">
         <name>.stack</name>
         <uninitialized>true</uninitialized>
         <run_address>0x400</run_address>
         <size>0x0</size>
      </object_component>
      <object_component id="oc-bc">
         <name>.ebss</name>
         <uninitialized>true</uninitialized>
         <run_address>0x898e</run_address>
         <size>0x7</size>
         <input_file_ref idref="fl-a"/>
      </object_component>
      <object_component id="oc-e2">
         <name>.ebss</name>
         <uninitialized>true</uninitialized>
         <run_address>0x8996</run_address>
         <size>0x6</size>
         <input_file_ref idref="fl-21"/>
      </object_component>
      <object_component id="oc-f8">
         <name>.ebss:__lock</name>
         <uninitialized>true</uninitialized>
         <run_address>0x899c</run_address>
         <size>0x2</size>
         <input_file_ref idref="fl-22"/>
      </object_component>
      <object_component id="oc-101">
         <name>.ebss:__unlock</name>
         <uninitialized>true</uninitialized>
         <run_address>0x899e</run_address>
         <size>0x2</size>
         <input_file_ref idref="fl-22"/>
      </object_component>
      <object_component id="oc-100">
         <name>.econst:_PieVectTableInit</name>
         <load_address>0x8000</load_address>
         <run_address>0x8000</run_address>
         <size>0xfc</size>
         <input_file_ref idref="fl-7"/>
      </object_component>
      <object_component id="oc-99">
         <name>PieVectTableFile</name>
         <uninitialized>true</uninitialized>
         <run_address>0xd00</run_address>
         <size>0xfc</size>
         <input_file_ref idref="fl-5"/>
      </object_component>
      <object_component id="oc-8a">
         <name>AccessProtectionRegsFile</name>
         <uninitialized>true</uninitialized>
         <run_address>0x5f500</run_address>
         <size>0x2c</size>
         <input_file_ref idref="fl-5"/>
      </object_component>
      <object_component id="oc-95">
         <name>AdcaRegsFile</name>
         <uninitialized>true</uninitialized>
         <run_address>0x7400</run_address>
         <size>0x76</size>
         <input_file_ref idref="fl-5"/>
      </object_component>
      <object_component id="oc-96">
         <name>AdccRegsFile</name>
         <uninitialized>true</uninitialized>
         <run_address>0x7500</run_address>
         <size>0x76</size>
         <input_file_ref idref="fl-5"/>
      </object_component>
      <object_component id="oc-79">
         <name>AdcaResultRegsFile</name>
         <uninitialized>true</uninitialized>
         <run_address>0xb00</run_address>
         <size>0x18</size>
         <input_file_ref idref="fl-5"/>
      </object_component>
      <object_component id="oc-7a">
         <name>AdccResultRegsFile</name>
         <uninitialized>true</uninitialized>
         <run_address>0xb40</run_address>
         <size>0x18</size>
         <input_file_ref idref="fl-5"/>
      </object_component>
      <object_component id="oc-a1">
         <name>AnalogSubsysRegsFile</name>
         <uninitialized>true</uninitialized>
         <run_address>0x5d700</run_address>
         <size>0x11a</size>
         <input_file_ref idref="fl-5"/>
      </object_component>
      <object_component id="oc-a2">
         <name>CanaRegsFile</name>
         <uninitialized>true</uninitialized>
         <run_address>0x48000</run_address>
         <size>0x164</size>
         <input_file_ref idref="fl-5"/>
      </object_component>
      <object_component id="oc-8f">
         <name>ClkCfgRegsFile</name>
         <uninitialized>true</uninitialized>
         <run_address>0x5d200</run_address>
         <size>0x3e</size>
         <input_file_ref idref="fl-5"/>
      </object_component>
      <object_component id="oc-7d">
         <name>CmpssLite2RegsFile</name>
         <uninitialized>true</uninitialized>
         <run_address>0x5540</run_address>
         <size>0x1b</size>
         <input_file_ref idref="fl-5"/>
      </object_component>
      <object_component id="oc-7e">
         <name>CmpssLite3RegsFile</name>
         <uninitialized>true</uninitialized>
         <run_address>0x5580</run_address>
         <size>0x1b</size>
         <input_file_ref idref="fl-5"/>
      </object_component>
      <object_component id="oc-7f">
         <name>CmpssLite4RegsFile</name>
         <uninitialized>true</uninitialized>
         <run_address>0x55c0</run_address>
         <size>0x1b</size>
         <input_file_ref idref="fl-5"/>
      </object_component>
      <object_component id="oc-80">
         <name>Cmpss1RegsFile</name>
         <uninitialized>true</uninitialized>
         <run_address>0x5500</run_address>
         <size>0x1b</size>
         <input_file_ref idref="fl-5"/>
      </object_component>
      <object_component id="oc-6b">
         <name>CpuTimer0RegsFile</name>
         <uninitialized>true</uninitialized>
         <run_address>0xc00</run_address>
         <size>0x8</size>
         <input_file_ref idref="fl-5"/>
      </object_component>
      <object_component id="oc-6c">
         <name>CpuTimer1RegsFile</name>
         <uninitialized>true</uninitialized>
         <run_address>0xc08</run_address>
         <size>0x8</size>
         <input_file_ref idref="fl-5"/>
      </object_component>
      <object_component id="oc-6d">
         <name>CpuTimer2RegsFile</name>
         <uninitialized>true</uninitialized>
         <run_address>0xc10</run_address>
         <size>0x8</size>
         <input_file_ref idref="fl-5"/>
      </object_component>
      <object_component id="oc-98">
         <name>CpuSysRegsFile</name>
         <uninitialized>true</uninitialized>
         <run_address>0x5d300</run_address>
         <size>0xb0</size>
         <input_file_ref idref="fl-5"/>
      </object_component>
      <object_component id="oc-8b">
         <name>Dcc0RegsFile</name>
         <uninitialized>true</uninitialized>
         <run_address>0x5e700</run_address>
         <size>0x2c</size>
         <input_file_ref idref="fl-5"/>
      </object_component>
      <object_component id="oc-88">
         <name>DcsmCommonRegsFile</name>
         <uninitialized>true</uninitialized>
         <run_address>0x5f0c0</run_address>
         <size>0x28</size>
         <input_file_ref idref="fl-5"/>
      </object_component>
      <object_component id="oc-81">
         <name>DcsmZ1OtpRegsFile</name>
         <uninitialized>true</uninitialized>
         <run_address>0x78000</run_address>
         <size>0x20</size>
         <input_file_ref idref="fl-5"/>
      </object_component>
      <object_component id="oc-90">
         <name>DcsmZ1RegsFile</name>
         <uninitialized>true</uninitialized>
         <run_address>0x5f000</run_address>
         <size>0x3e</size>
         <input_file_ref idref="fl-5"/>
      </object_component>
      <object_component id="oc-78">
         <name>DcsmZ2OtpRegsFile</name>
         <uninitialized>true</uninitialized>
         <run_address>0x78200</run_address>
         <size>0x12</size>
         <input_file_ref idref="fl-5"/>
      </object_component>
      <object_component id="oc-8c">
         <name>DcsmZ2RegsFile</name>
         <uninitialized>true</uninitialized>
         <run_address>0x5f080</run_address>
         <size>0x2c</size>
         <input_file_ref idref="fl-5"/>
      </object_component>
      <object_component id="oc-a4">
         <name>DevCfgRegsFile</name>
         <uninitialized>true</uninitialized>
         <run_address>0x5d000</run_address>
         <size>0x19c</size>
         <input_file_ref idref="fl-5"/>
      </object_component>
      <object_component id="oc-82">
         <name>ECap1RegsFile</name>
         <uninitialized>true</uninitialized>
         <run_address>0x5200</run_address>
         <size>0x20</size>
         <input_file_ref idref="fl-5"/>
      </object_component>
      <object_component id="oc-83">
         <name>ECap2RegsFile</name>
         <uninitialized>true</uninitialized>
         <run_address>0x5240</run_address>
         <size>0x20</size>
         <input_file_ref idref="fl-5"/>
      </object_component>
      <object_component id="oc-70">
         <name>Epg1MuxRegsFile</name>
         <uninitialized>true</uninitialized>
         <run_address>0x5ecd0</run_address>
         <size>0x10</size>
         <input_file_ref idref="fl-5"/>
      </object_component>
      <object_component id="oc-91">
         <name>Epg1RegsFile</name>
         <uninitialized>true</uninitialized>
         <run_address>0x5ec00</run_address>
         <size>0x40</size>
         <input_file_ref idref="fl-5"/>
      </object_component>
      <object_component id="oc-9a">
         <name>EPwm1RegsFile</name>
         <uninitialized>true</uninitialized>
         <run_address>0x4000</run_address>
         <size>0x100</size>
         <input_file_ref idref="fl-5"/>
      </object_component>
      <object_component id="oc-9b">
         <name>EPwm2RegsFile</name>
         <uninitialized>true</uninitialized>
         <run_address>0x4100</run_address>
         <size>0x100</size>
         <input_file_ref idref="fl-5"/>
      </object_component>
      <object_component id="oc-9c">
         <name>EPwm3RegsFile</name>
         <uninitialized>true</uninitialized>
         <run_address>0x4200</run_address>
         <size>0x100</size>
         <input_file_ref idref="fl-5"/>
      </object_component>
      <object_component id="oc-9d">
         <name>EPwm4RegsFile</name>
         <uninitialized>true</uninitialized>
         <run_address>0x4300</run_address>
         <size>0x100</size>
         <input_file_ref idref="fl-5"/>
      </object_component>
      <object_component id="oc-9e">
         <name>EPwm5RegsFile</name>
         <uninitialized>true</uninitialized>
         <run_address>0x4400</run_address>
         <size>0x100</size>
         <input_file_ref idref="fl-5"/>
      </object_component>
      <object_component id="oc-9f">
         <name>EPwm6RegsFile</name>
         <uninitialized>true</uninitialized>
         <run_address>0x4500</run_address>
         <size>0x100</size>
         <input_file_ref idref="fl-5"/>
      </object_component>
      <object_component id="oc-a0">
         <name>EPwm7RegsFile</name>
         <uninitialized>true</uninitialized>
         <run_address>0x4600</run_address>
         <size>0x100</size>
         <input_file_ref idref="fl-5"/>
      </object_component>
      <object_component id="oc-92">
         <name>EPwmXbarRegsFile</name>
         <uninitialized>true</uninitialized>
         <run_address>0x7a00</run_address>
         <size>0x40</size>
         <input_file_ref idref="fl-5"/>
      </object_component>
      <object_component id="oc-8d">
         <name>EQep1RegsFile</name>
         <uninitialized>true</uninitialized>
         <run_address>0x5100</run_address>
         <size>0x38</size>
         <input_file_ref idref="fl-5"/>
      </object_component>
      <object_component id="oc-a3">
         <name>Flash0CtrlRegsFile</name>
         <uninitialized>true</uninitialized>
         <run_address>0x5f800</run_address>
         <size>0x182</size>
         <input_file_ref idref="fl-5"/>
      </object_component>
      <object_component id="oc-85">
         <name>Flash0EccRegsFile</name>
         <uninitialized>true</uninitialized>
         <run_address>0x5fb00</run_address>
         <size>0x22</size>
         <input_file_ref idref="fl-5"/>
      </object_component>
      <object_component id="oc-a5">
         <name>GpioCtrlRegsFile</name>
         <uninitialized>true</uninitialized>
         <run_address>0x7c00</run_address>
         <size>0x200</size>
         <input_file_ref idref="fl-5"/>
      </object_component>
      <object_component id="oc-71">
         <name>GpioDataReadRegsFile</name>
         <uninitialized>true</uninitialized>
         <run_address>0x7f80</run_address>
         <size>0x10</size>
         <input_file_ref idref="fl-5"/>
      </object_component>
      <object_component id="oc-93">
         <name>GpioDataRegsFile</name>
         <uninitialized>true</uninitialized>
         <run_address>0x7f00</run_address>
         <size>0x40</size>
         <input_file_ref idref="fl-5"/>
      </object_component>
      <object_component id="oc-86">
         <name>I2caRegsFile</name>
         <uninitialized>true</uninitialized>
         <run_address>0x7300</run_address>
         <size>0x22</size>
         <input_file_ref idref="fl-5"/>
      </object_component>
      <object_component id="oc-87">
         <name>I2cbRegsFile</name>
         <uninitialized>true</uninitialized>
         <run_address>0x7340</run_address>
         <size>0x22</size>
         <input_file_ref idref="fl-5"/>
      </object_component>
      <object_component id="oc-84">
         <name>InputXbarRegsFile</name>
         <uninitialized>true</uninitialized>
         <run_address>0x7900</run_address>
         <size>0x20</size>
         <input_file_ref idref="fl-5"/>
      </object_component>
      <object_component id="oc-8e">
         <name>MemoryErrorRegsFile</name>
         <uninitialized>true</uninitialized>
         <run_address>0x5f540</run_address>
         <size>0x3a</size>
         <input_file_ref idref="fl-5"/>
      </object_component>
      <object_component id="oc-97">
         <name>MemCfgRegsFile</name>
         <uninitialized>true</uninitialized>
         <run_address>0x5f400</run_address>
         <size>0xa6</size>
         <input_file_ref idref="fl-5"/>
      </object_component>
      <object_component id="oc-6f">
         <name>NmiIntruptRegsFile</name>
         <uninitialized>true</uninitialized>
         <run_address>0x7060</run_address>
         <size>0xc</size>
         <input_file_ref idref="fl-5"/>
      </object_component>
      <object_component id="oc-94">
         <name>OutputXbarRegsFile</name>
         <uninitialized>true</uninitialized>
         <run_address>0x7a80</run_address>
         <size>0x40</size>
         <input_file_ref idref="fl-5"/>
      </object_component>
      <object_component id="oc-7c">
         <name>PieCtrlRegsFile</name>
         <uninitialized>true</uninitialized>
         <run_address>0xce0</run_address>
         <size>0x1a</size>
         <input_file_ref idref="fl-5"/>
      </object_component>
      <object_component id="oc-72">
         <name>SciaRegsFile</name>
         <uninitialized>true</uninitialized>
         <run_address>0x7200</run_address>
         <size>0x10</size>
         <input_file_ref idref="fl-5"/>
      </object_component>
      <object_component id="oc-73">
         <name>ScibRegsFile</name>
         <uninitialized>true</uninitialized>
         <run_address>0x7210</run_address>
         <size>0x10</size>
         <input_file_ref idref="fl-5"/>
      </object_component>
      <object_component id="oc-74">
         <name>ScicRegsFile</name>
         <uninitialized>true</uninitialized>
         <run_address>0x7220</run_address>
         <size>0x10</size>
         <input_file_ref idref="fl-5"/>
      </object_component>
      <object_component id="oc-75">
         <name>SpiaRegsFile</name>
         <uninitialized>true</uninitialized>
         <run_address>0x6100</run_address>
         <size>0x10</size>
         <input_file_ref idref="fl-5"/>
      </object_component>
      <object_component id="oc-69">
         <name>SyncSocRegsFile</name>
         <uninitialized>true</uninitialized>
         <run_address>0x7940</run_address>
         <size>0x6</size>
         <input_file_ref idref="fl-5"/>
      </object_component>
      <object_component id="oc-7b">
         <name>SysStatusRegsFile</name>
         <uninitialized>true</uninitialized>
         <run_address>0x5d400</run_address>
         <size>0x18</size>
         <input_file_ref idref="fl-5"/>
      </object_component>
      <object_component id="oc-6a">
         <name>TestErrorRegsFile</name>
         <uninitialized>true</uninitialized>
         <run_address>0x5f590</run_address>
         <size>0x6</size>
         <input_file_ref idref="fl-5"/>
      </object_component>
      <object_component id="oc-76">
         <name>UidRegsFile</name>
         <uninitialized>true</uninitialized>
         <run_address>0x71140</run_address>
         <size>0x10</size>
         <input_file_ref idref="fl-5"/>
      </object_component>
      <object_component id="oc-89">
         <name>WdRegsFile</name>
         <uninitialized>true</uninitialized>
         <run_address>0x7000</run_address>
         <size>0x2b</size>
         <input_file_ref idref="fl-5"/>
      </object_component>
      <object_component id="oc-77">
         <name>XbarRegsFile</name>
         <uninitialized>true</uninitialized>
         <run_address>0x7920</run_address>
         <size>0x10</size>
         <input_file_ref idref="fl-5"/>
      </object_component>
      <object_component id="oc-6e">
         <name>XintRegsFile</name>
         <uninitialized>true</uninitialized>
         <run_address>0x7070</run_address>
         <size>0xb</size>
         <input_file_ref idref="fl-5"/>
      </object_component>
      <object_component id="oc-59">
         <name>.debug_line</name>
         <load_address>0x0</load_address>
         <run_address>0x0</run_address>
         <size>0xa8</size>
         <input_file_ref idref="fl-2"/>
      </object_component>
      <object_component id="oc-60">
         <name>.debug_line</name>
         <load_address>0xa8</load_address>
         <run_address>0xa8</run_address>
         <size>0x708</size>
         <input_file_ref idref="fl-3"/>
      </object_component>
      <object_component id="oc-65">
         <name>.debug_line</name>
         <load_address>0x7b0</load_address>
         <run_address>0x7b0</run_address>
         <size>0x167</size>
         <input_file_ref idref="fl-4"/>
      </object_component>
      <object_component id="oc-a9">
         <name>.debug_line</name>
         <load_address>0x917</load_address>
         <run_address>0x917</run_address>
         <size>0xc6</size>
         <input_file_ref idref="fl-6"/>
      </object_component>
      <object_component id="oc-ae">
         <name>.debug_line</name>
         <load_address>0x9dd</load_address>
         <run_address>0x9dd</run_address>
         <size>0xae</size>
         <input_file_ref idref="fl-7"/>
      </object_component>
      <object_component id="oc-b3">
         <name>.debug_line</name>
         <load_address>0xa8b</load_address>
         <run_address>0xa8b</run_address>
         <size>0x329</size>
         <input_file_ref idref="fl-8"/>
      </object_component>
      <object_component id="oc-b7">
         <name>.debug_line</name>
         <load_address>0xdb4</load_address>
         <run_address>0xdb4</run_address>
         <size>0x8c</size>
         <input_file_ref idref="fl-9"/>
      </object_component>
      <object_component id="oc-be">
         <name>.debug_line</name>
         <load_address>0xe40</load_address>
         <run_address>0xe40</run_address>
         <size>0x90</size>
         <input_file_ref idref="fl-a"/>
      </object_component>
      <object_component id="oc-c4">
         <name>.debug_line</name>
         <load_address>0xed0</load_address>
         <run_address>0xed0</run_address>
         <size>0x7e</size>
         <input_file_ref idref="fl-1b"/>
      </object_component>
      <object_component id="oc-c9">
         <name>.debug_line</name>
         <load_address>0xf4e</load_address>
         <run_address>0xf4e</run_address>
         <size>0xad</size>
         <input_file_ref idref="fl-1c"/>
      </object_component>
      <object_component id="oc-ce">
         <name>.debug_line</name>
         <load_address>0xffb</load_address>
         <run_address>0xffb</run_address>
         <size>0x50</size>
         <input_file_ref idref="fl-1d"/>
      </object_component>
      <object_component id="oc-d3">
         <name>.debug_line</name>
         <load_address>0x104b</load_address>
         <run_address>0x104b</run_address>
         <size>0x62</size>
         <input_file_ref idref="fl-1e"/>
      </object_component>
      <object_component id="oc-d8">
         <name>.debug_line</name>
         <load_address>0x10ad</load_address>
         <run_address>0x10ad</run_address>
         <size>0x3e</size>
         <input_file_ref idref="fl-1f"/>
      </object_component>
      <object_component id="oc-dd">
         <name>.debug_line</name>
         <load_address>0x10eb</load_address>
         <run_address>0x10eb</run_address>
         <size>0x3a</size>
         <input_file_ref idref="fl-20"/>
      </object_component>
      <object_component id="oc-e4">
         <name>.debug_line</name>
         <load_address>0x1125</load_address>
         <run_address>0x1125</run_address>
         <size>0x65</size>
         <input_file_ref idref="fl-21"/>
      </object_component>
      <object_component id="oc-e9">
         <name>.debug_line</name>
         <load_address>0x118a</load_address>
         <run_address>0x118a</run_address>
         <size>0x5e</size>
         <input_file_ref idref="fl-22"/>
      </object_component>
      <object_component id="oc-ee">
         <name>.debug_line</name>
         <load_address>0x11e8</load_address>
         <run_address>0x11e8</run_address>
         <size>0x4f</size>
         <input_file_ref idref="fl-23"/>
      </object_component>
      <object_component id="oc-5a">
         <name>.debug_info</name>
         <load_address>0x0</load_address>
         <run_address>0x0</run_address>
         <size>0x1ed</size>
         <input_file_ref idref="fl-2"/>
      </object_component>
      <object_component id="oc-5d">
         <name>.debug_info</name>
         <load_address>0x1ed</load_address>
         <run_address>0x1ed</run_address>
         <size>0x43fb</size>
         <input_file_ref idref="fl-3"/>
      </object_component>
      <object_component id="oc-63">
         <name>.debug_info</name>
         <load_address>0x45e8</load_address>
         <run_address>0x45e8</run_address>
         <size>0x74b3</size>
         <input_file_ref idref="fl-4"/>
      </object_component>
      <object_component id="oc-68">
         <name>.debug_info</name>
         <load_address>0xba9b</load_address>
         <run_address>0xba9b</run_address>
         <size>0x3c7cb</size>
         <input_file_ref idref="fl-5"/>
      </object_component>
      <object_component id="oc-a7">
         <name>.debug_info</name>
         <load_address>0x48266</load_address>
         <run_address>0x48266</run_address>
         <size>0x2575</size>
         <input_file_ref idref="fl-6"/>
      </object_component>
      <object_component id="oc-ac">
         <name>.debug_info</name>
         <load_address>0x4a7db</load_address>
         <run_address>0x4a7db</run_address>
         <size>0x3fd0</size>
         <input_file_ref idref="fl-7"/>
      </object_component>
      <object_component id="oc-b1">
         <name>.debug_info</name>
         <load_address>0x4e7ab</load_address>
         <run_address>0x4e7ab</run_address>
         <size>0x6143</size>
         <input_file_ref idref="fl-8"/>
      </object_component>
      <object_component id="oc-b8">
         <name>.debug_info</name>
         <load_address>0x548ee</load_address>
         <run_address>0x548ee</run_address>
         <size>0x171</size>
         <input_file_ref idref="fl-9"/>
      </object_component>
      <object_component id="oc-bb">
         <name>.debug_info</name>
         <load_address>0x54a5f</load_address>
         <run_address>0x54a5f</run_address>
         <size>0x850a</size>
         <input_file_ref idref="fl-a"/>
      </object_component>
      <object_component id="oc-c3">
         <name>.debug_info</name>
         <load_address>0x5cf69</load_address>
         <run_address>0x5cf69</run_address>
         <size>0x173</size>
         <input_file_ref idref="fl-1b"/>
      </object_component>
      <object_component id="oc-c8">
         <name>.debug_info</name>
         <load_address>0x5d0dc</load_address>
         <run_address>0x5d0dc</run_address>
         <size>0x114</size>
         <input_file_ref idref="fl-1c"/>
      </object_component>
      <object_component id="oc-cc">
         <name>.debug_info</name>
         <load_address>0x5d1f0</load_address>
         <run_address>0x5d1f0</run_address>
         <size>0x561</size>
         <input_file_ref idref="fl-1d"/>
      </object_component>
      <object_component id="oc-d1">
         <name>.debug_info</name>
         <load_address>0x5d751</load_address>
         <run_address>0x5d751</run_address>
         <size>0x43a</size>
         <input_file_ref idref="fl-1e"/>
      </object_component>
      <object_component id="oc-d6">
         <name>.debug_info</name>
         <load_address>0x5db8b</load_address>
         <run_address>0x5db8b</run_address>
         <size>0x3ad</size>
         <input_file_ref idref="fl-1f"/>
      </object_component>
      <object_component id="oc-db">
         <name>.debug_info</name>
         <load_address>0x5df38</load_address>
         <run_address>0x5df38</run_address>
         <size>0x3aa</size>
         <input_file_ref idref="fl-20"/>
      </object_component>
      <object_component id="oc-e0">
         <name>.debug_info</name>
         <load_address>0x5e2e2</load_address>
         <run_address>0x5e2e2</run_address>
         <size>0x544</size>
         <input_file_ref idref="fl-21"/>
      </object_component>
      <object_component id="oc-e7">
         <name>.debug_info</name>
         <load_address>0x5e826</load_address>
         <run_address>0x5e826</run_address>
         <size>0x4cc</size>
         <input_file_ref idref="fl-22"/>
      </object_component>
      <object_component id="oc-ec">
         <name>.debug_info</name>
         <load_address>0x5ecf2</load_address>
         <run_address>0x5ecf2</run_address>
         <size>0x467</size>
         <input_file_ref idref="fl-23"/>
      </object_component>
      <object_component id="oc-161">
         <name>.debug_info</name>
         <load_address>0x5f159</load_address>
         <run_address>0x5f159</run_address>
         <size>0xa2</size>
      </object_component>
      <object_component id="oc-5b">
         <name>.debug_abbrev</name>
         <load_address>0x0</load_address>
         <run_address>0x0</run_address>
         <size>0x21</size>
         <input_file_ref idref="fl-2"/>
      </object_component>
      <object_component id="oc-61">
         <name>.debug_abbrev</name>
         <load_address>0x21</load_address>
         <run_address>0x21</run_address>
         <size>0xde</size>
         <input_file_ref idref="fl-3"/>
      </object_component>
      <object_component id="oc-66">
         <name>.debug_abbrev</name>
         <load_address>0xff</load_address>
         <run_address>0xff</run_address>
         <size>0x157</size>
         <input_file_ref idref="fl-4"/>
      </object_component>
      <object_component id="oc-a6">
         <name>.debug_abbrev</name>
         <load_address>0x256</load_address>
         <run_address>0x256</run_address>
         <size>0xcb</size>
         <input_file_ref idref="fl-5"/>
      </object_component>
      <object_component id="oc-aa">
         <name>.debug_abbrev</name>
         <load_address>0x321</load_address>
         <run_address>0x321</run_address>
         <size>0xc8</size>
         <input_file_ref idref="fl-6"/>
      </object_component>
      <object_component id="oc-af">
         <name>.debug_abbrev</name>
         <load_address>0x3e9</load_address>
         <run_address>0x3e9</run_address>
         <size>0x10b</size>
         <input_file_ref idref="fl-7"/>
      </object_component>
      <object_component id="oc-b4">
         <name>.debug_abbrev</name>
         <load_address>0x4f4</load_address>
         <run_address>0x4f4</run_address>
         <size>0x1f0</size>
         <input_file_ref idref="fl-8"/>
      </object_component>
      <object_component id="oc-b9">
         <name>.debug_abbrev</name>
         <load_address>0x6e4</load_address>
         <run_address>0x6e4</run_address>
         <size>0x2f</size>
         <input_file_ref idref="fl-9"/>
      </object_component>
      <object_component id="oc-bf">
         <name>.debug_abbrev</name>
         <load_address>0x713</load_address>
         <run_address>0x713</run_address>
         <size>0x158</size>
         <input_file_ref idref="fl-a"/>
      </object_component>
      <object_component id="oc-c5">
         <name>.debug_abbrev</name>
         <load_address>0x86b</load_address>
         <run_address>0x86b</run_address>
         <size>0x46</size>
         <input_file_ref idref="fl-1b"/>
      </object_component>
      <object_component id="oc-ca">
         <name>.debug_abbrev</name>
         <load_address>0x8b1</load_address>
         <run_address>0x8b1</run_address>
         <size>0x38</size>
         <input_file_ref idref="fl-1c"/>
      </object_component>
      <object_component id="oc-cf">
         <name>.debug_abbrev</name>
         <load_address>0x8e9</load_address>
         <run_address>0x8e9</run_address>
         <size>0xe3</size>
         <input_file_ref idref="fl-1d"/>
      </object_component>
      <object_component id="oc-d4">
         <name>.debug_abbrev</name>
         <load_address>0x9cc</load_address>
         <run_address>0x9cc</run_address>
         <size>0xa8</size>
         <input_file_ref idref="fl-1e"/>
      </object_component>
      <object_component id="oc-d9">
         <name>.debug_abbrev</name>
         <load_address>0xa74</load_address>
         <run_address>0xa74</run_address>
         <size>0x68</size>
         <input_file_ref idref="fl-1f"/>
      </object_component>
      <object_component id="oc-de">
         <name>.debug_abbrev</name>
         <load_address>0xadc</load_address>
         <run_address>0xadc</run_address>
         <size>0x66</size>
         <input_file_ref idref="fl-20"/>
      </object_component>
      <object_component id="oc-e5">
         <name>.debug_abbrev</name>
         <load_address>0xb42</load_address>
         <run_address>0xb42</run_address>
         <size>0x130</size>
         <input_file_ref idref="fl-21"/>
      </object_component>
      <object_component id="oc-ea">
         <name>.debug_abbrev</name>
         <load_address>0xc72</load_address>
         <run_address>0xc72</run_address>
         <size>0xb2</size>
         <input_file_ref idref="fl-22"/>
      </object_component>
      <object_component id="oc-ef">
         <name>.debug_abbrev</name>
         <load_address>0xd24</load_address>
         <run_address>0xd24</run_address>
         <size>0xee</size>
         <input_file_ref idref="fl-23"/>
      </object_component>
      <object_component id="oc-162">
         <name>.debug_abbrev</name>
         <load_address>0xe12</load_address>
         <run_address>0xe12</run_address>
         <size>0xf</size>
      </object_component>
      <object_component id="oc-5c">
         <name>.debug_aranges</name>
         <load_address>0x0</load_address>
         <run_address>0x0</run_address>
         <size>0x28</size>
         <input_file_ref idref="fl-2"/>
      </object_component>
      <object_component id="oc-62">
         <name>.debug_aranges</name>
         <load_address>0x28</load_address>
         <run_address>0x28</run_address>
         <size>0x260</size>
         <input_file_ref idref="fl-3"/>
      </object_component>
      <object_component id="oc-67">
         <name>.debug_aranges</name>
         <load_address>0x288</load_address>
         <run_address>0x288</run_address>
         <size>0x58</size>
         <input_file_ref idref="fl-4"/>
      </object_component>
      <object_component id="oc-ab">
         <name>.debug_aranges</name>
         <load_address>0x2e0</load_address>
         <run_address>0x2e0</run_address>
         <size>0x28</size>
         <input_file_ref idref="fl-6"/>
      </object_component>
      <object_component id="oc-b0">
         <name>.debug_aranges</name>
         <load_address>0x308</load_address>
         <run_address>0x308</run_address>
         <size>0x20</size>
         <input_file_ref idref="fl-7"/>
      </object_component>
      <object_component id="oc-b5">
         <name>.debug_aranges</name>
         <load_address>0x328</load_address>
         <run_address>0x328</run_address>
         <size>0x90</size>
         <input_file_ref idref="fl-8"/>
      </object_component>
      <object_component id="oc-ba">
         <name>.debug_aranges</name>
         <load_address>0x3b8</load_address>
         <run_address>0x3b8</run_address>
         <size>0x20</size>
         <input_file_ref idref="fl-9"/>
      </object_component>
      <object_component id="oc-c0">
         <name>.debug_aranges</name>
         <load_address>0x3d8</load_address>
         <run_address>0x3d8</run_address>
         <size>0x28</size>
         <input_file_ref idref="fl-a"/>
      </object_component>
      <object_component id="oc-c6">
         <name>.debug_aranges</name>
         <load_address>0x400</load_address>
         <run_address>0x400</run_address>
         <size>0x20</size>
         <input_file_ref idref="fl-1b"/>
      </object_component>
      <object_component id="oc-cb">
         <name>.debug_aranges</name>
         <load_address>0x420</load_address>
         <run_address>0x420</run_address>
         <size>0x20</size>
         <input_file_ref idref="fl-1c"/>
      </object_component>
      <object_component id="oc-d0">
         <name>.debug_aranges</name>
         <load_address>0x440</load_address>
         <run_address>0x440</run_address>
         <size>0x20</size>
         <input_file_ref idref="fl-1d"/>
      </object_component>
      <object_component id="oc-d5">
         <name>.debug_aranges</name>
         <load_address>0x460</load_address>
         <run_address>0x460</run_address>
         <size>0x20</size>
         <input_file_ref idref="fl-1e"/>
      </object_component>
      <object_component id="oc-da">
         <name>.debug_aranges</name>
         <load_address>0x480</load_address>
         <run_address>0x480</run_address>
         <size>0x20</size>
         <input_file_ref idref="fl-1f"/>
      </object_component>
      <object_component id="oc-df">
         <name>.debug_aranges</name>
         <load_address>0x4a0</load_address>
         <run_address>0x4a0</run_address>
         <size>0x20</size>
         <input_file_ref idref="fl-20"/>
      </object_component>
      <object_component id="oc-e6">
         <name>.debug_aranges</name>
         <load_address>0x4c0</load_address>
         <run_address>0x4c0</run_address>
         <size>0x28</size>
         <input_file_ref idref="fl-21"/>
      </object_component>
      <object_component id="oc-eb">
         <name>.debug_aranges</name>
         <load_address>0x4e8</load_address>
         <run_address>0x4e8</run_address>
         <size>0x30</size>
         <input_file_ref idref="fl-22"/>
      </object_component>
      <object_component id="oc-f0">
         <name>.debug_aranges</name>
         <load_address>0x518</load_address>
         <run_address>0x518</run_address>
         <size>0x20</size>
         <input_file_ref idref="fl-23"/>
      </object_component>
      <object_component id="oc-5f">
         <name>.debug_frame</name>
         <load_address>0x0</load_address>
         <run_address>0x0</run_address>
         <size>0x950</size>
         <input_file_ref idref="fl-3"/>
      </object_component>
      <object_component id="oc-64">
         <name>.debug_frame</name>
         <load_address>0x950</load_address>
         <run_address>0x950</run_address>
         <size>0xe8</size>
         <input_file_ref idref="fl-4"/>
      </object_component>
      <object_component id="oc-a8">
         <name>.debug_frame</name>
         <load_address>0xa38</load_address>
         <run_address>0xa38</run_address>
         <size>0x58</size>
         <input_file_ref idref="fl-6"/>
      </object_component>
      <object_component id="oc-ad">
         <name>.debug_frame</name>
         <load_address>0xa90</load_address>
         <run_address>0xa90</run_address>
         <size>0x44</size>
         <input_file_ref idref="fl-7"/>
      </object_component>
      <object_component id="oc-b2">
         <name>.debug_frame</name>
         <load_address>0xad4</load_address>
         <run_address>0xad4</run_address>
         <size>0x1a8</size>
         <input_file_ref idref="fl-8"/>
      </object_component>
      <object_component id="oc-bd">
         <name>.debug_frame</name>
         <load_address>0xc7c</load_address>
         <run_address>0xc7c</run_address>
         <size>0x5c</size>
         <input_file_ref idref="fl-a"/>
      </object_component>
      <object_component id="oc-cd">
         <name>.debug_frame</name>
         <load_address>0xcd8</load_address>
         <run_address>0xcd8</run_address>
         <size>0x60</size>
         <input_file_ref idref="fl-1d"/>
      </object_component>
      <object_component id="oc-d2">
         <name>.debug_frame</name>
         <load_address>0xd38</load_address>
         <run_address>0xd38</run_address>
         <size>0x40</size>
         <input_file_ref idref="fl-1e"/>
      </object_component>
      <object_component id="oc-d7">
         <name>.debug_frame</name>
         <load_address>0xd78</load_address>
         <run_address>0xd78</run_address>
         <size>0x40</size>
         <input_file_ref idref="fl-1f"/>
      </object_component>
      <object_component id="oc-dc">
         <name>.debug_frame</name>
         <load_address>0xdb8</load_address>
         <run_address>0xdb8</run_address>
         <size>0x40</size>
         <input_file_ref idref="fl-20"/>
      </object_component>
      <object_component id="oc-e3">
         <name>.debug_frame</name>
         <load_address>0xdf8</load_address>
         <run_address>0xdf8</run_address>
         <size>0x60</size>
         <input_file_ref idref="fl-21"/>
      </object_component>
      <object_component id="oc-e8">
         <name>.debug_frame</name>
         <load_address>0xe58</load_address>
         <run_address>0xe58</run_address>
         <size>0x70</size>
         <input_file_ref idref="fl-22"/>
      </object_component>
      <object_component id="oc-ed">
         <name>.debug_frame</name>
         <load_address>0xec8</load_address>
         <run_address>0xec8</run_address>
         <size>0x40</size>
         <input_file_ref idref="fl-23"/>
      </object_component>
   </object_component_list>
   <logical_group_list>
      <logical_group id="lg-2" display="no" color="cyan">
         <name>codestart</name>
         <load_address>0x0</load_address>
         <run_address>0x0</run_address>
         <size>0x2</size>
         <contents>
            <object_component_ref idref="oc-58"/>
         </contents>
      </logical_group>
      <logical_group id="lg-3" display="no" color="cyan">
         <name>.TI.ramfunc</name>
         <load_address>0x142</load_address>
         <run_address>0x142</run_address>
         <size>0x4</size>
         <contents>
            <object_component_ref idref="oc-b6"/>
         </contents>
      </logical_group>
      <logical_group id="lg-160" display="no" color="cyan">
         <name>.text</name>
         <load_address>0x80fc</load_address>
         <run_address>0x80fc</run_address>
         <size>0x892</size>
         <contents>
            <object_component_ref idref="oc-fa"/>
            <object_component_ref idref="oc-5e"/>
            <object_component_ref idref="oc-fb"/>
            <object_component_ref idref="oc-c7"/>
            <object_component_ref idref="oc-f7"/>
            <object_component_ref idref="oc-56"/>
            <object_component_ref idref="oc-f5"/>
            <object_component_ref idref="oc-fc"/>
            <object_component_ref idref="oc-fd"/>
            <object_component_ref idref="oc-f2"/>
            <object_component_ref idref="oc-f6"/>
            <object_component_ref idref="oc-f4"/>
            <object_component_ref idref="oc-fe"/>
            <object_component_ref idref="oc-57"/>
            <object_component_ref idref="oc-f1"/>
            <object_component_ref idref="oc-f3"/>
         </contents>
      </logical_group>
      <split_section id="lg-4" display="no" color="cyan">
         <name>.text</name>
         <contents>
            <logical_group_ref idref="lg-160"/>
         </contents>
      </split_section>
      <logical_group id="lg-5" display="no" color="cyan">
         <name>.cinit</name>
         <load_address>0x128</load_address>
         <run_address>0x128</run_address>
         <size>0x1a</size>
         <contents>
            <object_component_ref idref="oc-e1"/>
            <object_component_ref idref="oc-f9"/>
            <object_component_ref idref="oc-ff"/>
         </contents>
      </logical_group>
      <logical_group id="lg-6" display="no" color="cyan">
         <name>.switch</name>
         <run_address>0x0</run_address>
         <size>0x0</size>
         <contents>
         </contents>
      </logical_group>
      <logical_group id="lg-7" display="no" color="cyan">
         <name>.reset</name>
         <load_address>0x3fffc0</load_address>
         <run_address>0x3fffc0</run_address>
         <size>0x2</size>
         <contents>
            <object_component_ref idref="oc-c2"/>
         </contents>
      </logical_group>
      <logical_group id="lg-8" display="no" color="cyan">
         <name>.stack</name>
         <run_address>0x400</run_address>
         <size>0x200</size>
         <contents>
            <object_component_ref idref="oc-c1"/>
            <object_component_ref idref="oc-15f"/>
         </contents>
      </logical_group>
      <logical_group id="lg-9" display="no" color="cyan">
         <name>.pinit</name>
         <run_address>0x0</run_address>
         <size>0x0</size>
         <contents>
         </contents>
      </logical_group>
      <logical_group id="lg-a" display="no" color="cyan">
         <name>.ebss</name>
         <run_address>0x898e</run_address>
         <size>0x12</size>
         <contents>
            <object_component_ref idref="oc-bc"/>
            <object_component_ref idref="oc-e2"/>
            <object_component_ref idref="oc-f8"/>
            <object_component_ref idref="oc-101"/>
         </contents>
      </logical_group>
      <logical_group id="lg-b" display="no" color="cyan">
         <name>.econst</name>
         <load_address>0x8000</load_address>
         <run_address>0x8000</run_address>
         <size>0xfc</size>
         <contents>
            <object_component_ref idref="oc-100"/>
         </contents>
      </logical_group>
      <logical_group id="lg-c" display="no" color="cyan">
         <name>.esysmem</name>
         <run_address>0x0</run_address>
         <size>0x0</size>
         <contents>
         </contents>
      </logical_group>
      <logical_group id="lg-d" display="no" color="cyan">
         <name>.cio</name>
         <run_address>0x0</run_address>
         <size>0x0</size>
         <contents>
         </contents>
      </logical_group>
      <logical_group id="lg-e" display="no" color="cyan">
         <name>IQmath</name>
         <run_address>0x0</run_address>
         <size>0x0</size>
         <contents>
         </contents>
      </logical_group>
      <logical_group id="lg-f" display="no" color="cyan">
         <name>IQmathTables</name>
         <run_address>0x0</run_address>
         <size>0x0</size>
         <contents>
         </contents>
      </logical_group>
      <logical_group id="lg-11" display="no" color="cyan">
         <name>PieVectTableFile</name>
         <run_address>0xd00</run_address>
         <size>0xfc</size>
         <contents>
            <object_component_ref idref="oc-99"/>
         </contents>
      </logical_group>
      <logical_group id="lg-13" display="no" color="cyan">
         <name>EmuKeyVar</name>
         <run_address>0xd00</run_address>
         <size>0x0</size>
         <contents>
         </contents>
      </logical_group>
      <logical_group id="lg-14" display="no" color="cyan">
         <name>EmuBModeVar</name>
         <run_address>0xd00</run_address>
         <size>0x0</size>
         <contents>
         </contents>
      </logical_group>
      <logical_group id="lg-15" display="no" color="cyan">
         <name>EmuBootPinsVar</name>
         <run_address>0xd00</run_address>
         <size>0x0</size>
         <contents>
         </contents>
      </logical_group>
      <logical_group id="lg-16" display="no" color="cyan">
         <name>FlashCallbackVar</name>
         <run_address>0xd00</run_address>
         <size>0x0</size>
         <contents>
         </contents>
      </logical_group>
      <logical_group id="lg-17" display="no" color="cyan">
         <name>FlashScalingVar</name>
         <run_address>0xd00</run_address>
         <size>0x0</size>
         <contents>
         </contents>
      </logical_group>
      <logical_group id="lg-12" display="no" color="cyan">
         <name>GROUP_2</name>
         <run_address>0xd00</run_address>
         <size>0x0</size>
         <contents>
            <logical_group_ref idref="lg-13"/>
            <logical_group_ref idref="lg-14"/>
            <logical_group_ref idref="lg-15"/>
            <logical_group_ref idref="lg-16"/>
            <logical_group_ref idref="lg-17"/>
         </contents>
      </logical_group>
      <overlay id="lg-10" display="no" color="cyan">
         <name>UNION_1</name>
         <run_address>0xd00</run_address>
         <size>0xfc</size>
         <contents>
            <logical_group_ref idref="lg-11"/>
            <logical_group_ref idref="lg-12"/>
         </contents>
      </overlay>
      <logical_group id="lg-18" display="no" color="cyan">
         <name>AccessProtectionRegsFile</name>
         <run_address>0x5f500</run_address>
         <size>0x2c</size>
         <contents>
            <object_component_ref idref="oc-8a"/>
         </contents>
      </logical_group>
      <logical_group id="lg-19" display="no" color="cyan">
         <name>AdcaRegsFile</name>
         <run_address>0x7400</run_address>
         <size>0x76</size>
         <contents>
            <object_component_ref idref="oc-95"/>
         </contents>
      </logical_group>
      <logical_group id="lg-1a" display="no" color="cyan">
         <name>AdccRegsFile</name>
         <run_address>0x7500</run_address>
         <size>0x76</size>
         <contents>
            <object_component_ref idref="oc-96"/>
         </contents>
      </logical_group>
      <logical_group id="lg-1b" display="no" color="cyan">
         <name>AdcaResultRegsFile</name>
         <run_address>0xb00</run_address>
         <size>0x18</size>
         <contents>
            <object_component_ref idref="oc-79"/>
         </contents>
      </logical_group>
      <logical_group id="lg-1c" display="no" color="cyan">
         <name>AdccResultRegsFile</name>
         <run_address>0xb40</run_address>
         <size>0x18</size>
         <contents>
            <object_component_ref idref="oc-7a"/>
         </contents>
      </logical_group>
      <logical_group id="lg-1d" display="no" color="cyan">
         <name>AnalogSubsysRegsFile</name>
         <run_address>0x5d700</run_address>
         <size>0x11a</size>
         <contents>
            <object_component_ref idref="oc-a1"/>
         </contents>
      </logical_group>
      <logical_group id="lg-1e" display="no" color="cyan">
         <name>CanaRegsFile</name>
         <run_address>0x48000</run_address>
         <size>0x164</size>
         <contents>
            <object_component_ref idref="oc-a2"/>
         </contents>
      </logical_group>
      <logical_group id="lg-1f" display="no" color="cyan">
         <name>ClkCfgRegsFile</name>
         <run_address>0x5d200</run_address>
         <size>0x3e</size>
         <contents>
            <object_component_ref idref="oc-8f"/>
         </contents>
      </logical_group>
      <logical_group id="lg-20" display="no" color="cyan">
         <name>CmpssLite2RegsFile</name>
         <run_address>0x5540</run_address>
         <size>0x1b</size>
         <contents>
            <object_component_ref idref="oc-7d"/>
         </contents>
      </logical_group>
      <logical_group id="lg-21" display="no" color="cyan">
         <name>CmpssLite3RegsFile</name>
         <run_address>0x5580</run_address>
         <size>0x1b</size>
         <contents>
            <object_component_ref idref="oc-7e"/>
         </contents>
      </logical_group>
      <logical_group id="lg-22" display="no" color="cyan">
         <name>CmpssLite4RegsFile</name>
         <run_address>0x55c0</run_address>
         <size>0x1b</size>
         <contents>
            <object_component_ref idref="oc-7f"/>
         </contents>
      </logical_group>
      <logical_group id="lg-23" display="no" color="cyan">
         <name>Cmpss1RegsFile</name>
         <run_address>0x5500</run_address>
         <size>0x1b</size>
         <contents>
            <object_component_ref idref="oc-80"/>
         </contents>
      </logical_group>
      <logical_group id="lg-24" display="no" color="cyan">
         <name>CpuTimer0RegsFile</name>
         <run_address>0xc00</run_address>
         <size>0x8</size>
         <contents>
            <object_component_ref idref="oc-6b"/>
         </contents>
      </logical_group>
      <logical_group id="lg-25" display="no" color="cyan">
         <name>CpuTimer1RegsFile</name>
         <run_address>0xc08</run_address>
         <size>0x8</size>
         <contents>
            <object_component_ref idref="oc-6c"/>
         </contents>
      </logical_group>
      <logical_group id="lg-26" display="no" color="cyan">
         <name>CpuTimer2RegsFile</name>
         <run_address>0xc10</run_address>
         <size>0x8</size>
         <contents>
            <object_component_ref idref="oc-6d"/>
         </contents>
      </logical_group>
      <logical_group id="lg-27" display="no" color="cyan">
         <name>CpuSysRegsFile</name>
         <run_address>0x5d300</run_address>
         <size>0xb0</size>
         <contents>
            <object_component_ref idref="oc-98"/>
         </contents>
      </logical_group>
      <logical_group id="lg-28" display="no" color="cyan">
         <name>Dcc0RegsFile</name>
         <run_address>0x5e700</run_address>
         <size>0x2c</size>
         <contents>
            <object_component_ref idref="oc-8b"/>
         </contents>
      </logical_group>
      <logical_group id="lg-29" display="no" color="cyan">
         <name>DcsmCommonRegsFile</name>
         <run_address>0x5f0c0</run_address>
         <size>0x28</size>
         <contents>
            <object_component_ref idref="oc-88"/>
         </contents>
      </logical_group>
      <logical_group id="lg-2a" display="no" color="cyan">
         <name>DcsmZ1OtpRegsFile</name>
         <run_address>0x78000</run_address>
         <size>0x20</size>
         <contents>
            <object_component_ref idref="oc-81"/>
         </contents>
      </logical_group>
      <logical_group id="lg-2b" display="no" color="cyan">
         <name>DcsmZ1RegsFile</name>
         <run_address>0x5f000</run_address>
         <size>0x3e</size>
         <contents>
            <object_component_ref idref="oc-90"/>
         </contents>
      </logical_group>
      <logical_group id="lg-2c" display="no" color="cyan">
         <name>DcsmZ2OtpRegsFile</name>
         <run_address>0x78200</run_address>
         <size>0x12</size>
         <contents>
            <object_component_ref idref="oc-78"/>
         </contents>
      </logical_group>
      <logical_group id="lg-2d" display="no" color="cyan">
         <name>DcsmZ2RegsFile</name>
         <run_address>0x5f080</run_address>
         <size>0x2c</size>
         <contents>
            <object_component_ref idref="oc-8c"/>
         </contents>
      </logical_group>
      <logical_group id="lg-2e" display="no" color="cyan">
         <name>DevCfgRegsFile</name>
         <run_address>0x5d000</run_address>
         <size>0x19c</size>
         <contents>
            <object_component_ref idref="oc-a4"/>
         </contents>
      </logical_group>
      <logical_group id="lg-2f" display="no" color="cyan">
         <name>ECap1RegsFile</name>
         <run_address>0x5200</run_address>
         <size>0x20</size>
         <contents>
            <object_component_ref idref="oc-82"/>
         </contents>
      </logical_group>
      <logical_group id="lg-30" display="no" color="cyan">
         <name>ECap2RegsFile</name>
         <run_address>0x5240</run_address>
         <size>0x20</size>
         <contents>
            <object_component_ref idref="oc-83"/>
         </contents>
      </logical_group>
      <logical_group id="lg-31" display="no" color="cyan">
         <name>Epg1MuxRegsFile</name>
         <run_address>0x5ecd0</run_address>
         <size>0x10</size>
         <contents>
            <object_component_ref idref="oc-70"/>
         </contents>
      </logical_group>
      <logical_group id="lg-32" display="no" color="cyan">
         <name>Epg1RegsFile</name>
         <run_address>0x5ec00</run_address>
         <size>0x40</size>
         <contents>
            <object_component_ref idref="oc-91"/>
         </contents>
      </logical_group>
      <logical_group id="lg-33" display="no" color="cyan">
         <name>EPwm1RegsFile</name>
         <run_address>0x4000</run_address>
         <size>0x100</size>
         <contents>
            <object_component_ref idref="oc-9a"/>
         </contents>
      </logical_group>
      <logical_group id="lg-34" display="no" color="cyan">
         <name>EPwm2RegsFile</name>
         <run_address>0x4100</run_address>
         <size>0x100</size>
         <contents>
            <object_component_ref idref="oc-9b"/>
         </contents>
      </logical_group>
      <logical_group id="lg-35" display="no" color="cyan">
         <name>EPwm3RegsFile</name>
         <run_address>0x4200</run_address>
         <size>0x100</size>
         <contents>
            <object_component_ref idref="oc-9c"/>
         </contents>
      </logical_group>
      <logical_group id="lg-36" display="no" color="cyan">
         <name>EPwm4RegsFile</name>
         <run_address>0x4300</run_address>
         <size>0x100</size>
         <contents>
            <object_component_ref idref="oc-9d"/>
         </contents>
      </logical_group>
      <logical_group id="lg-37" display="no" color="cyan">
         <name>EPwm5RegsFile</name>
         <run_address>0x4400</run_address>
         <size>0x100</size>
         <contents>
            <object_component_ref idref="oc-9e"/>
         </contents>
      </logical_group>
      <logical_group id="lg-38" display="no" color="cyan">
         <name>EPwm6RegsFile</name>
         <run_address>0x4500</run_address>
         <size>0x100</size>
         <contents>
            <object_component_ref idref="oc-9f"/>
         </contents>
      </logical_group>
      <logical_group id="lg-39" display="no" color="cyan">
         <name>EPwm7RegsFile</name>
         <run_address>0x4600</run_address>
         <size>0x100</size>
         <contents>
            <object_component_ref idref="oc-a0"/>
         </contents>
      </logical_group>
      <logical_group id="lg-3a" display="no" color="cyan">
         <name>EPwmXbarRegsFile</name>
         <run_address>0x7a00</run_address>
         <size>0x40</size>
         <contents>
            <object_component_ref idref="oc-92"/>
         </contents>
      </logical_group>
      <logical_group id="lg-3b" display="no" color="cyan">
         <name>EQep1RegsFile</name>
         <run_address>0x5100</run_address>
         <size>0x38</size>
         <contents>
            <object_component_ref idref="oc-8d"/>
         </contents>
      </logical_group>
      <logical_group id="lg-3c" display="no" color="cyan">
         <name>Flash0CtrlRegsFile</name>
         <run_address>0x5f800</run_address>
         <size>0x182</size>
         <contents>
            <object_component_ref idref="oc-a3"/>
         </contents>
      </logical_group>
      <logical_group id="lg-3d" display="no" color="cyan">
         <name>Flash0EccRegsFile</name>
         <run_address>0x5fb00</run_address>
         <size>0x22</size>
         <contents>
            <object_component_ref idref="oc-85"/>
         </contents>
      </logical_group>
      <logical_group id="lg-3e" display="no" color="cyan">
         <name>GpioCtrlRegsFile</name>
         <run_address>0x7c00</run_address>
         <size>0x200</size>
         <contents>
            <object_component_ref idref="oc-a5"/>
         </contents>
      </logical_group>
      <logical_group id="lg-3f" display="no" color="cyan">
         <name>GpioDataReadRegsFile</name>
         <run_address>0x7f80</run_address>
         <size>0x10</size>
         <contents>
            <object_component_ref idref="oc-71"/>
         </contents>
      </logical_group>
      <logical_group id="lg-40" display="no" color="cyan">
         <name>GpioDataRegsFile</name>
         <run_address>0x7f00</run_address>
         <size>0x40</size>
         <contents>
            <object_component_ref idref="oc-93"/>
         </contents>
      </logical_group>
      <logical_group id="lg-41" display="no" color="cyan">
         <name>I2caRegsFile</name>
         <run_address>0x7300</run_address>
         <size>0x22</size>
         <contents>
            <object_component_ref idref="oc-86"/>
         </contents>
      </logical_group>
      <logical_group id="lg-42" display="no" color="cyan">
         <name>I2cbRegsFile</name>
         <run_address>0x7340</run_address>
         <size>0x22</size>
         <contents>
            <object_component_ref idref="oc-87"/>
         </contents>
      </logical_group>
      <logical_group id="lg-43" display="no" color="cyan">
         <name>InputXbarRegsFile</name>
         <run_address>0x7900</run_address>
         <size>0x20</size>
         <contents>
            <object_component_ref idref="oc-84"/>
         </contents>
      </logical_group>
      <logical_group id="lg-44" display="no" color="cyan">
         <name>MemoryErrorRegsFile</name>
         <run_address>0x5f540</run_address>
         <size>0x3a</size>
         <contents>
            <object_component_ref idref="oc-8e"/>
         </contents>
      </logical_group>
      <logical_group id="lg-45" display="no" color="cyan">
         <name>MemCfgRegsFile</name>
         <run_address>0x5f400</run_address>
         <size>0xa6</size>
         <contents>
            <object_component_ref idref="oc-97"/>
         </contents>
      </logical_group>
      <logical_group id="lg-46" display="no" color="cyan">
         <name>NmiIntruptRegsFile</name>
         <run_address>0x7060</run_address>
         <size>0xc</size>
         <contents>
            <object_component_ref idref="oc-6f"/>
         </contents>
      </logical_group>
      <logical_group id="lg-47" display="no" color="cyan">
         <name>OutputXbarRegsFile</name>
         <run_address>0x7a80</run_address>
         <size>0x40</size>
         <contents>
            <object_component_ref idref="oc-94"/>
         </contents>
      </logical_group>
      <logical_group id="lg-48" display="no" color="cyan">
         <name>PieCtrlRegsFile</name>
         <run_address>0xce0</run_address>
         <size>0x1a</size>
         <contents>
            <object_component_ref idref="oc-7c"/>
         </contents>
      </logical_group>
      <logical_group id="lg-49" display="no" color="cyan">
         <name>PieVectTableFile</name>
         <run_address>0x0</run_address>
         <size>0x0</size>
         <contents>
         </contents>
      </logical_group>
      <logical_group id="lg-4a" display="no" color="cyan">
         <name>SciaRegsFile</name>
         <run_address>0x7200</run_address>
         <size>0x10</size>
         <contents>
            <object_component_ref idref="oc-72"/>
         </contents>
      </logical_group>
      <logical_group id="lg-4b" display="no" color="cyan">
         <name>ScibRegsFile</name>
         <run_address>0x7210</run_address>
         <size>0x10</size>
         <contents>
            <object_component_ref idref="oc-73"/>
         </contents>
      </logical_group>
      <logical_group id="lg-4c" display="no" color="cyan">
         <name>ScicRegsFile</name>
         <run_address>0x7220</run_address>
         <size>0x10</size>
         <contents>
            <object_component_ref idref="oc-74"/>
         </contents>
      </logical_group>
      <logical_group id="lg-4d" display="no" color="cyan">
         <name>SpiaRegsFile</name>
         <run_address>0x6100</run_address>
         <size>0x10</size>
         <contents>
            <object_component_ref idref="oc-75"/>
         </contents>
      </logical_group>
      <logical_group id="lg-4e" display="no" color="cyan">
         <name>SyncSocRegsFile</name>
         <run_address>0x7940</run_address>
         <size>0x6</size>
         <contents>
            <object_component_ref idref="oc-69"/>
         </contents>
      </logical_group>
      <logical_group id="lg-4f" display="no" color="cyan">
         <name>SysStatusRegsFile</name>
         <run_address>0x5d400</run_address>
         <size>0x18</size>
         <contents>
            <object_component_ref idref="oc-7b"/>
         </contents>
      </logical_group>
      <logical_group id="lg-50" display="no" color="cyan">
         <name>TestErrorRegsFile</name>
         <run_address>0x5f590</run_address>
         <size>0x6</size>
         <contents>
            <object_component_ref idref="oc-6a"/>
         </contents>
      </logical_group>
      <logical_group id="lg-51" display="no" color="cyan">
         <name>UidRegsFile</name>
         <run_address>0x71140</run_address>
         <size>0x10</size>
         <contents>
            <object_component_ref idref="oc-76"/>
         </contents>
      </logical_group>
      <logical_group id="lg-52" display="no" color="cyan">
         <name>WdRegsFile</name>
         <run_address>0x7000</run_address>
         <size>0x2b</size>
         <contents>
            <object_component_ref idref="oc-89"/>
         </contents>
      </logical_group>
      <logical_group id="lg-53" display="no" color="cyan">
         <name>XbarRegsFile</name>
         <run_address>0x7920</run_address>
         <size>0x10</size>
         <contents>
            <object_component_ref idref="oc-77"/>
         </contents>
      </logical_group>
      <logical_group id="lg-54" display="no" color="cyan">
         <name>XintRegsFile</name>
         <run_address>0x7070</run_address>
         <size>0xb</size>
         <contents>
            <object_component_ref idref="oc-6e"/>
         </contents>
      </logical_group>
      <logical_group id="lg-153" display="never" color="cyan">
         <name>.debug_line</name>
         <load_address>0x0</load_address>
         <run_address>0x0</run_address>
         <size>0x1237</size>
         <contents>
            <object_component_ref idref="oc-59"/>
            <object_component_ref idref="oc-60"/>
            <object_component_ref idref="oc-65"/>
            <object_component_ref idref="oc-a9"/>
            <object_component_ref idref="oc-ae"/>
            <object_component_ref idref="oc-b3"/>
            <object_component_ref idref="oc-b7"/>
            <object_component_ref idref="oc-be"/>
            <object_component_ref idref="oc-c4"/>
            <object_component_ref idref="oc-c9"/>
            <object_component_ref idref="oc-ce"/>
            <object_component_ref idref="oc-d3"/>
            <object_component_ref idref="oc-d8"/>
            <object_component_ref idref="oc-dd"/>
            <object_component_ref idref="oc-e4"/>
            <object_component_ref idref="oc-e9"/>
            <object_component_ref idref="oc-ee"/>
         </contents>
      </logical_group>
      <logical_group id="lg-155" display="never" color="cyan">
         <name>.debug_info</name>
         <load_address>0x0</load_address>
         <run_address>0x0</run_address>
         <size>0x5f1fb</size>
         <contents>
            <object_component_ref idref="oc-5a"/>
            <object_component_ref idref="oc-5d"/>
            <object_component_ref idref="oc-63"/>
            <object_component_ref idref="oc-68"/>
            <object_component_ref idref="oc-a7"/>
            <object_component_ref idref="oc-ac"/>
            <object_component_ref idref="oc-b1"/>
            <object_component_ref idref="oc-b8"/>
            <object_component_ref idref="oc-bb"/>
            <object_component_ref idref="oc-c3"/>
            <object_component_ref idref="oc-c8"/>
            <object_component_ref idref="oc-cc"/>
            <object_component_ref idref="oc-d1"/>
            <object_component_ref idref="oc-d6"/>
            <object_component_ref idref="oc-db"/>
            <object_component_ref idref="oc-e0"/>
            <object_component_ref idref="oc-e7"/>
            <object_component_ref idref="oc-ec"/>
            <object_component_ref idref="oc-161"/>
         </contents>
      </logical_group>
      <logical_group id="lg-157" display="never" color="cyan">
         <name>.debug_abbrev</name>
         <load_address>0x0</load_address>
         <run_address>0x0</run_address>
         <size>0xe21</size>
         <contents>
            <object_component_ref idref="oc-5b"/>
            <object_component_ref idref="oc-61"/>
            <object_component_ref idref="oc-66"/>
            <object_component_ref idref="oc-a6"/>
            <object_component_ref idref="oc-aa"/>
            <object_component_ref idref="oc-af"/>
            <object_component_ref idref="oc-b4"/>
            <object_component_ref idref="oc-b9"/>
            <object_component_ref idref="oc-bf"/>
            <object_component_ref idref="oc-c5"/>
            <object_component_ref idref="oc-ca"/>
            <object_component_ref idref="oc-cf"/>
            <object_component_ref idref="oc-d4"/>
            <object_component_ref idref="oc-d9"/>
            <object_component_ref idref="oc-de"/>
            <object_component_ref idref="oc-e5"/>
            <object_component_ref idref="oc-ea"/>
            <object_component_ref idref="oc-ef"/>
            <object_component_ref idref="oc-162"/>
         </contents>
      </logical_group>
      <logical_group id="lg-159" display="never" color="cyan">
         <name>.debug_aranges</name>
         <load_address>0x0</load_address>
         <run_address>0x0</run_address>
         <size>0x538</size>
         <contents>
            <object_component_ref idref="oc-5c"/>
            <object_component_ref idref="oc-62"/>
            <object_component_ref idref="oc-67"/>
            <object_component_ref idref="oc-ab"/>
            <object_component_ref idref="oc-b0"/>
            <object_component_ref idref="oc-b5"/>
            <object_component_ref idref="oc-ba"/>
            <object_component_ref idref="oc-c0"/>
            <object_component_ref idref="oc-c6"/>
            <object_component_ref idref="oc-cb"/>
            <object_component_ref idref="oc-d0"/>
            <object_component_ref idref="oc-d5"/>
            <object_component_ref idref="oc-da"/>
            <object_component_ref idref="oc-df"/>
            <object_component_ref idref="oc-e6"/>
            <object_component_ref idref="oc-eb"/>
            <object_component_ref idref="oc-f0"/>
         </contents>
      </logical_group>
      <logical_group id="lg-15b" display="never" color="cyan">
         <name>.debug_frame</name>
         <load_address>0x0</load_address>
         <run_address>0x0</run_address>
         <size>0xf08</size>
         <contents>
            <object_component_ref idref="oc-5f"/>
[...]
         <value>0x865c</value>
         <object_component_ref idref="oc-5e"/>
      </symbol>
      <symbol id="sm-1a3">
         <name>_SCIB_RX_ISR</name>
         <value>0x8602</value>
         <object_component_ref idref="oc-5e"/>
      </symbol>
      <symbol id="sm-1a5">
         <name>_EMU_ISR</name>
         <value>0x840e</value>
         <object_component_ref idref="oc-5e"/>
      </symbol>
      <symbol id="sm-1a7">
         <name>_SCIB_TX_ISR</name>
         <value>0x860c</value>
         <object_component_ref idref="oc-5e"/>
      </symbol>
      <symbol id="sm-1a9">
         <name>_SPIA_RX_ISR</name>
         <value>0x8594</value>
         <object_component_ref idref="oc-5e"/>
      </symbol>
      <symbol id="sm-1ab">
         <name>_SPIA_TX_ISR</name>
         <value>0x859e</value>
         <object_component_ref idref="oc-5e"/>
      </symbol>
      <symbol id="sm-1ad">
         <name>_FLSS_ISR</name>
         <value>0x8698</value>
         <object_component_ref idref="oc-5e"/>
      </symbol>
      <symbol id="sm-1af">
         <name>_XINT5_ISR</name>
         <value>0x868e</value>
         <object_component_ref idref="oc-5e"/>
      </symbol>
      <symbol id="sm-1bc">
         <name>_InitEPwm3Gpio</name>
         <value>0x86e5</value>
         <object_component_ref idref="oc-fb"/>
      </symbol>
      <symbol id="sm-1be">
         <name>_InitEPwm2Gpio</name>
         <value>0x86d4</value>
         <object_component_ref idref="oc-fb"/>
      </symbol>
      <symbol id="sm-1c0">
         <name>_InitEPwm1Gpio</name>
         <value>0x86c3</value>
         <object_component_ref idref="oc-fb"/>
      </symbol>
      <symbol id="sm-1c2">
         <name>_InitEPwm7Gpio</name>
         <value>0x872d</value>
         <object_component_ref idref="oc-fb"/>
      </symbol>
      <symbol id="sm-1c4">
         <name>_InitEPwm6Gpio</name>
         <value>0x871c</value>
         <object_component_ref idref="oc-fb"/>
      </symbol>
      <symbol id="sm-1c6">
         <name>_InitEPwmGpio</name>
         <value>0x8740</value>
         <object_component_ref idref="oc-fb"/>
      </symbol>
      <symbol id="sm-1c8">
         <name>_InitEPwm5Gpio</name>
         <value>0x870b</value>
         <object_component_ref idref="oc-fb"/>
      </symbol>
      <symbol id="sm-1ca">
         <name>_InitEPwm4Gpio</name>
         <value>0x86f8</value>
         <object_component_ref idref="oc-fb"/>
      </symbol>
      <symbol id="sm-24b">
         <name>_WdRegs</name>
         <value>0x7000</value>
         <object_component_ref idref="oc-89"/>
      </symbol>
      <symbol id="sm-24c">
         <name>_Epg1MuxRegs</name>
         <value>0x5ecd0</value>
         <object_component_ref idref="oc-70"/>
      </symbol>
      <symbol id="sm-24d">
         <name>_CanaRegs</name>
         <value>0x48000</value>
         <object_component_ref idref="oc-a2"/>
      </symbol>
      <symbol id="sm-24e">
         <name>_GpioCtrlRegs</name>
         <value>0x7c00</value>
         <object_component_ref idref="oc-a5"/>
      </symbol>
      <symbol id="sm-24f">
         <name>_PieVectTable</name>
         <value>0xd00</value>
         <object_component_ref idref="oc-99"/>
      </symbol>
      <symbol id="sm-250">
         <name>_ClkCfgRegs</name>
         <value>0x5d200</value>
         <object_component_ref idref="oc-8f"/>
      </symbol>
      <symbol id="sm-251">
         <name>_Dcc0Regs</name>
         <value>0x5e700</value>
         <object_component_ref idref="oc-8b"/>
      </symbol>
      <symbol id="sm-252">
         <name>_XbarRegs</name>
         <value>0x7920</value>
         <object_component_ref idref="oc-77"/>
      </symbol>
      <symbol id="sm-253">
         <name>_Flash0EccRegs</name>
         <value>0x5fb00</value>
         <object_component_ref idref="oc-85"/>
      </symbol>
      <symbol id="sm-254">
         <name>_DcsmZ1OtpRegs</name>
         <value>0x78000</value>
         <object_component_ref idref="oc-81"/>
      </symbol>
      <symbol id="sm-255">
         <name>_InputXbarRegs</name>
         <value>0x7900</value>
         <object_component_ref idref="oc-84"/>
      </symbol>
      <symbol id="sm-256">
         <name>_EPwmXbarRegs</name>
         <value>0x7a00</value>
         <object_component_ref idref="oc-92"/>
      </symbol>
      <symbol id="sm-257">
         <name>_DcsmZ2Regs</name>
         <value>0x5f080</value>
         <object_component_ref idref="oc-8c"/>
      </symbol>
      <symbol id="sm-258">
         <name>_EPwm4Regs</name>
         <value>0x4300</value>
         <object_component_ref idref="oc-9d"/>
      </symbol>
      <symbol id="sm-259">
         <name>_I2cbRegs</name>
         <value>0x7340</value>
         <object_component_ref idref="oc-87"/>
      </symbol>
      <symbol id="sm-25a">
         <name>_CpuTimer1Regs</name>
         <value>0xc08</value>
         <object_component_ref idref="oc-6c"/>
      </symbol>
      <symbol id="sm-25b">
         <name>_CmpssLite3Regs</name>
         <value>0x5580</value>
         <object_component_ref idref="oc-7e"/>
      </symbol>
      <symbol id="sm-25c">
         <name>_GpioDataReadRegs</name>
         <value>0x7f80</value>
         <object_component_ref idref="oc-71"/>
      </symbol>
      <symbol id="sm-25d">
         <name>_EPwm5Regs</name>
         <value>0x4400</value>
         <object_component_ref idref="oc-9e"/>
      </symbol>
      <symbol id="sm-25e">
         <name>_SpiaRegs</name>
         <value>0x6100</value>
         <object_component_ref idref="oc-75"/>
      </symbol>
      <symbol id="sm-25f">
         <name>_CpuSysRegs</name>
         <value>0x5d300</value>
         <object_component_ref idref="oc-98"/>
      </symbol>
      <symbol id="sm-260">
         <name>_TestErrorRegs</name>
         <value>0x5f590</value>
         <object_component_ref idref="oc-6a"/>
      </symbol>
      <symbol id="sm-261">
         <name>_XintRegs</name>
         <value>0x7070</value>
         <object_component_ref idref="oc-6e"/>
      </symbol>
      <symbol id="sm-262">
         <name>_CpuTimer0Regs</name>
         <value>0xc00</value>
         <object_component_ref idref="oc-6b"/>
      </symbol>
      <symbol id="sm-263">
         <name>_CmpssLite2Regs</name>
         <value>0x5540</value>
         <object_component_ref idref="oc-7d"/>
      </symbol>
      <symbol id="sm-264">
         <name>_AccessProtectionRegs</name>
         <value>0x5f500</value>
         <object_component_ref idref="oc-8a"/>
      </symbol>
      <symbol id="sm-265">
         <name>_MemCfgRegs</name>
         <value>0x5f400</value>
         <object_component_ref idref="oc-97"/>
      </symbol>
      <symbol id="sm-266">
         <name>_EPwm6Regs</name>
         <value>0x4500</value>
         <object_component_ref idref="oc-9f"/>
      </symbol>
      <symbol id="sm-267">
         <name>_AdcaRegs</name>
         <value>0x7400</value>
         <object_component_ref idref="oc-95"/>
      </symbol>
      <symbol id="sm-268">
         <name>_SciaRegs</name>
         <value>0x7200</value>
         <object_component_ref idref="oc-72"/>
      </symbol>
      <symbol id="sm-269">
         <name>_GpioDataRegs</name>
         <value>0x7f00</value>
         <object_component_ref idref="oc-93"/>
      </symbol>
      <symbol id="sm-26a">
         <name>_DcsmZ1Regs</name>
         <value>0x5f000</value>
         <object_component_ref idref="oc-90"/>
      </symbol>
      <symbol id="sm-26b">
         <name>_Flash0CtrlRegs</name>
         <value>0x5f800</value>
         <object_component_ref idref="oc-a3"/>
      </symbol>
      <symbol id="sm-26c">
         <name>_EPwm7Regs</name>
         <value>0x4600</value>
         <object_component_ref idref="oc-a0"/>
      </symbol>
      <symbol id="sm-26d">
         <name>_CpuTimer2Regs</name>
         <value>0xc10</value>
         <object_component_ref idref="oc-6d"/>
      </symbol>
      <symbol id="sm-26e">
         <name>_AnalogSubsysRegs</name>
         <value>0x5d700</value>
         <object_component_ref idref="oc-a1"/>
      </symbol>
      <symbol id="sm-26f">
         <name>_PieCtrlRegs</name>
         <value>0xce0</value>
         <object_component_ref idref="oc-7c"/>
      </symbol>
      <symbol id="sm-270">
         <name>_DevCfgRegs</name>
         <value>0x5d000</value>
         <object_component_ref idref="oc-a4"/>
      </symbol>
      <symbol id="sm-271">
         <name>_AdccRegs</name>
         <value>0x7500</value>
         <object_component_ref idref="oc-96"/>
      </symbol>
      <symbol id="sm-272">
         <name>_ScicRegs</name>
         <value>0x7220</value>
         <object_component_ref idref="oc-74"/>
      </symbol>
      <symbol id="sm-273">
         <name>_ECap1Regs</name>
         <value>0x5200</value>
         <object_component_ref idref="oc-82"/>
      </symbol>
      <symbol id="sm-274">
         <name>_OutputXbarRegs</name>
         <value>0x7a80</value>
         <object_component_ref idref="oc-94"/>
      </symbol>
      <symbol id="sm-275">
         <name>_MemoryErrorRegs</name>
         <value>0x5f540</value>
         <object_component_ref idref="oc-8e"/>
      </symbol>
      <symbol id="sm-276">
         <name>_EQep1Regs</name>
         <value>0x5100</value>
         <object_component_ref idref="oc-8d"/>
      </symbol>
      <symbol id="sm-277">
         <name>_Epg1Regs</name>
         <value>0x5ec00</value>
         <object_component_ref idref="oc-91"/>
      </symbol>
      <symbol id="sm-278">
         <name>_UidRegs</name>
         <value>0x71140</value>
         <object_component_ref idref="oc-76"/>
      </symbol>
      <symbol id="sm-279">
         <name>_EPwm1Regs</name>
         <value>0x4000</value>
         <object_component_ref idref="oc-9a"/>
      </symbol>
      <symbol id="sm-27a">
         <name>_ScibRegs</name>
         <value>0x7210</value>
         <object_component_ref idref="oc-73"/>
      </symbol>
      <symbol id="sm-27b">
         <name>_AdcaResultRegs</name>
         <value>0xb00</value>
         <object_component_ref idref="oc-79"/>
      </symbol>
      <symbol id="sm-27c">
         <name>_ECap2Regs</name>
         <value>0x5240</value>
         <object_component_ref idref="oc-83"/>
      </symbol>
      <symbol id="sm-27d">
         <name>_DcsmZ2OtpRegs</name>
         <value>0x78200</value>
         <object_component_ref idref="oc-78"/>
      </symbol>
      <symbol id="sm-27e">
         <name>_AdccResultRegs</name>
         <value>0xb40</value>
         <object_component_ref idref="oc-7a"/>
      </symbol>
      <symbol id="sm-27f">
         <name>_CmpssLite4Regs</name>
         <value>0x55c0</value>
         <object_component_ref idref="oc-7f"/>
      </symbol>
      <symbol id="sm-280">
         <name>_Cmpss1Regs</name>
         <value>0x5500</value>
         <object_component_ref idref="oc-80"/>
      </symbol>
      <symbol id="sm-281">
         <name>_DcsmCommonRegs</name>
         <value>0x5f0c0</value>
         <object_component_ref idref="oc-88"/>
      </symbol>
      <symbol id="sm-282">
         <name>_EPwm2Regs</name>
         <value>0x4100</value>
         <object_component_ref idref="oc-9b"/>
      </symbol>
      <symbol id="sm-283">
         <name>_SyncSocRegs</name>
         <value>0x7940</value>
         <object_component_ref idref="oc-69"/>
      </symbol>
      <symbol id="sm-284">
         <name>_NmiIntruptRegs</name>
         <value>0x7060</value>
         <object_component_ref idref="oc-6f"/>
      </symbol>
      <symbol id="sm-285">
         <name>_EPwm3Regs</name>
         <value>0x4200</value>
         <object_component_ref idref="oc-9c"/>
      </symbol>
      <symbol id="sm-286">
         <name>_SysStatusRegs</name>
         <value>0x5d400</value>
         <object_component_ref idref="oc-7b"/>
      </symbol>
      <symbol id="sm-287">
         <name>_I2caRegs</name>
         <value>0x7300</value>
         <object_component_ref idref="oc-86"/>
      </symbol>
      <symbol id="sm-293">
         <name>_InitPieCtrl</name>
         <value>0x88da</value>
         <object_component_ref idref="oc-fc"/>
      </symbol>
      <symbol id="sm-295">
         <name>_EnableInterrupts</name>
         <value>0x88f9</value>
         <object_component_ref idref="oc-fc"/>
      </symbol>
      <symbol id="sm-2a6">
         <name>_PieVectTableInit</name>
         <value>0x8000</value>
         <object_component_ref idref="oc-100"/>
      </symbol>
      <symbol id="sm-2a7">
         <name>_InitPieVectTable</name>
         <value>0x8902</value>
         <object_component_ref idref="oc-fd"/>
      </symbol>
      <symbol id="sm-2dc">
         <name>_InitSysPll</name>
         <value>0x8181</value>
         <object_component_ref idref="oc-fa"/>
      </symbol>
      <symbol id="sm-2de">
         <name>_DisablePeripheralClocks</name>
         <value>0x8153</value>
         <object_component_ref idref="oc-fa"/>
      </symbol>
      <symbol id="sm-2e0">
         <name>_DisableDog</name>
         <value>0x8174</value>
         <object_component_ref idref="oc-fa"/>
      </symbol>
      <symbol id="sm-2e2">
         <name>_SysIntOsc2Sel</name>
         <value>0x8270</value>
         <object_component_ref idref="oc-fa"/>
      </symbol>
      <symbol id="sm-2e4">
         <name>_HALT</name>
         <value>0x82d0</value>
         <object_component_ref idref="oc-fa"/>
      </symbol>
      <symbol id="sm-2e6">
         <name>_IDLE</name>
         <value>0x82c7</value>
         <object_component_ref idref="oc-fa"/>
      </symbol>
      <symbol id="sm-2e8">
         <name>_InitPeripheralClocks</name>
         <value>0x8110</value>
         <object_component_ref idref="oc-fa"/>
      </symbol>
      <symbol id="sm-2ea">
         <name>_SysXtalOscSel</name>
         <value>0x8292</value>
         <object_component_ref idref="oc-fa"/>
      </symbol>
      <symbol id="sm-2ec">
         <name>_SysIntOsc1Sel</name>
         <value>0x8267</value>
         <object_component_ref idref="oc-fa"/>
      </symbol>
      <symbol id="sm-2ee">
         <name>_ServiceDog</name>
         <value>0x8167</value>
         <object_component_ref idref="oc-fa"/>
      </symbol>
      <symbol id="sm-2f0">
         <name>_IsPLLValid</name>
         <value>0x82e1</value>
         <object_component_ref idref="oc-fa"/>
      </symbol>
      <symbol id="sm-2f2">
         <name>_InitSysCtrl</name>
         <value>0x80fc</value>
         <object_component_ref idref="oc-fa"/>
      </symbol>
      <symbol id="sm-2f4">
         <name>_SysXtalOscSESel</name>
         <value>0x82b2</value>
         <object_component_ref idref="oc-fa"/>
      </symbol>
      <symbol id="sm-2f6">
         <name>_ComputeCntrSeedValue</name>
         <value>0x8376</value>
         <object_component_ref idref="oc-fa"/>
      </symbol>
      <symbol id="sm-303">
         <name>_F28x_usDelay</name>
         <value>0x142</value>
         <object_component_ref idref="oc-b6"/>
      </symbol>
      <symbol id="sm-313">
         <name>_main</name>
         <value>0x87d7</value>
         <object_component_ref idref="oc-f7"/>
      </symbol>
      <symbol id="sm-315">
         <name>_DutyCycle</name>
         <value>0x8994</value>
         <object_component_ref idref="oc-bc"/>
      </symbol>
      <symbol id="sm-316">
         <name>_update</name>
         <value>0x8993</value>
         <object_component_ref idref="oc-bc"/>
      </symbol>
      <symbol id="sm-317">
         <name>_DutyFine1</name>
         <value>0x8990</value>
         <object_component_ref idref="oc-bc"/>
      </symbol>
      <symbol id="sm-318">
         <name>_DutyFine2</name>
         <value>0x8991</value>
         <object_component_ref idref="oc-bc"/>
      </symbol>
      <symbol id="sm-319">
         <name>_n</name>
         <value>0x8992</value>
         <object_component_ref idref="oc-bc"/>
      </symbol>
      <symbol id="sm-31a">
         <name>_j</name>
         <value>0x898f</value>
         <object_component_ref idref="oc-bc"/>
      </symbol>
      <symbol id="sm-31b">
         <name>_i</name>
         <value>0x898e</value>
         <object_component_ref idref="oc-bc"/>
      </symbol>
      <symbol id="sm-31c">
         <name>_HRPWM2_Config</name>
         <value>0x8810</value>
         <object_component_ref idref="oc-f7"/>
      </symbol>
      <symbol id="sm-338">
         <name>_c_int00</name>
         <value>0x885b</value>
         <object_component_ref idref="oc-56"/>
      </symbol>
      <symbol id="sm-339">
         <name>__stack</name>
         <value>0x400</value>
         <object_component_ref idref="oc-c1"/>
      </symbol>
      <symbol id="sm-34a">
         <name>FS$$DIV</name>
         <value>0x874f</value>
         <object_component_ref idref="oc-c7"/>
      </symbol>
      <symbol id="sm-359">
         <name>_copy_in</name>
         <value>0x8927</value>
         <object_component_ref idref="oc-f2"/>
      </symbol>
      <symbol id="sm-36b">
         <name>_memcpy</name>
         <value>0x894b</value>
         <object_component_ref idref="oc-f6"/>
      </symbol>
      <symbol id="sm-378">
         <name>__system_pre_init</name>
         <value>0x898b</value>
         <object_component_ref idref="oc-f1"/>
      </symbol>
      <symbol id="sm-386">
         <name>__system_post_cinit</name>
         <value>0x898d</value>
         <object_component_ref idref="oc-f3"/>
      </symbol>
      <symbol id="sm-39b">
         <name>C$$EXIT</name>
         <value>0x88b1</value>
         <object_component_ref idref="oc-f5"/>
      </symbol>
      <symbol id="sm-39c">
         <name>_exit</name>
         <value>0x88b3</value>
         <object_component_ref idref="oc-f5"/>
      </symbol>
      <symbol id="sm-39e">
         <name>___TI_cleanup_ptr</name>
         <value>0x8998</value>
         <object_component_ref idref="oc-e2"/>
      </symbol>
      <symbol id="sm-39f">
         <name>___TI_enable_exit_profile_output</name>
         <value>0x8996</value>
         <object_component_ref idref="oc-e2"/>
      </symbol>
      <symbol id="sm-3a0">
         <name>_abort</name>
         <value>0x88b1</value>
         <object_component_ref idref="oc-f5"/>
      </symbol>
      <symbol id="sm-3a2">
         <name>___TI_dtors_ptr</name>
         <value>0x899a</value>
         <object_component_ref idref="oc-e2"/>
      </symbol>
      <symbol id="sm-3b6">
         <name>__unlock</name>
         <value>0x899e</value>
         <object_component_ref idref="oc-101"/>
      </symbol>
      <symbol id="sm-3b7">
         <name>__lock</name>
         <value>0x899c</value>
         <object_component_ref idref="oc-f8"/>
      </symbol>
      <symbol id="sm-3b8">
         <name>__register_lock</name>
         <value>0x897e</value>
         <object_component_ref idref="oc-fe"/>
      </symbol>
      <symbol id="sm-3ba">
         <name>__nop</name>
         <value>0x8982</value>
         <object_component_ref idref="oc-fe"/>
      </symbol>
      <symbol id="sm-3bc">
         <name>__register_unlock</name>
         <value>0x897a</value>
         <object_component_ref idref="oc-fe"/>
      </symbol>
      <symbol id="sm-3cc">
         <name>__args_main</name>
         <value>0x8968</value>
         <object_component_ref idref="oc-f4"/>
      </symbol>
   </symbol_table>
   <title>Link successful</title>
</link_info>
